// Jest Snapshot v1, https://goo.gl/fbAQLP

exports[`setupMonitor do include enhancedRender middleware with autoNext default to true 1`] = `
Array [
  Array [
    /\\^\\\\/\\(\\?!_\\{2\\}\\)\\.\\*\\$/,
    Array [
      [MockFunction],
      [MockFunction],
    ],
  ],
]
`;

exports[`setupMonitor do not include enhancedRender middleware is autoNext disabled 1`] = `
Array [
  Array [
    /\\^\\\\/\\(\\?!_\\{2\\}\\)\\.\\*\\$/,
    Array [
      [MockFunction],
    ],
  ],
]
`;
